{
 p_tag = Knight 

 poz_src = ( b , 1 ) 

 poz_dst = ( c , 3 ) 

 m_tag = 0 

 p_tag_pro = White 

 p_rock = ( a , 1 ) 

 what_col = White 
}