
{
--------------------------------------------------------------

~~~V_BMAP~~~ : 

 V[White]=

0 0 0 0 0 0 0 0 
0 0 0 0 0 0 0 0 
0 0 0 0 0 0 0 0 
0 0 0 0 0 0 0 0 
0 0 0 0 0 0 0 0 
0 0 0 0 0 0 0 0 
1 1 1 1 1 1 1 1 
1 1 1 1 1 1 1 1 

 V[Black]=

1 1 1 1 1 1 1 1 
1 1 1 1 1 1 1 1 
0 0 0 0 0 0 0 0 
0 0 0 0 0 0 0 0 
0 0 0 0 0 0 0 0 
0 0 0 0 0 0 0 0 
0 0 0 0 0 0 0 0 
0 0 0 0 0 0 0 0 

 V[King]=

0 0 0 0 1 0 0 0 
0 0 0 0 0 0 0 0 
0 0 0 0 0 0 0 0 
0 0 0 0 0 0 0 0 
0 0 0 0 0 0 0 0 
0 0 0 0 0 0 0 0 
0 0 0 0 0 0 0 0 
0 0 0 0 1 0 0 0 

 V[Queen]=

0 0 0 1 0 0 0 0 
0 0 0 0 0 0 0 0 
0 0 0 0 0 0 0 0 
0 0 0 0 0 0 0 0 
0 0 0 0 0 0 0 0 
0 0 0 0 0 0 0 0 
0 0 0 0 0 0 0 0 
0 0 0 1 0 0 0 0 

 V[Rock]=

1 0 0 0 0 0 0 1 
0 0 0 0 0 0 0 0 
0 0 0 0 0 0 0 0 
0 0 0 0 0 0 0 0 
0 0 0 0 0 0 0 0 
0 0 0 0 0 0 0 0 
0 0 0 0 0 0 0 0 
1 0 0 0 0 0 0 1 

 V[Bishop]=

0 0 1 0 0 1 0 0 
0 0 0 0 0 0 0 0 
0 0 0 0 0 0 0 0 
0 0 0 0 0 0 0 0 
0 0 0 0 0 0 0 0 
0 0 0 0 0 0 0 0 
0 0 0 0 0 0 0 0 
0 0 1 0 0 1 0 0 

 V[Knight]=

0 1 0 0 0 0 1 0 
0 0 0 0 0 0 0 0 
0 0 0 0 0 0 0 0 
0 0 0 0 0 0 0 0 
0 0 0 0 0 0 0 0 
0 0 0 0 0 0 0 0 
0 0 0 0 0 0 0 0 
0 1 0 0 0 0 1 0 

 V[Pawn]=

0 0 0 0 0 0 0 0 
1 1 1 1 1 1 1 1 
0 0 0 0 0 0 0 0 
0 0 0 0 0 0 0 0 
0 0 0 0 0 0 0 0 
0 0 0 0 0 0 0 0 
1 1 1 1 1 1 1 1 
0 0 0 0 0 0 0 0 

Color on move : White

~~~Table_What~~~:

 +---+---+---+---+---+---+---+---+
8| r | n | b | q | k | b | n | r |
 +---+---+---+---+---+---+---+---+
7| f | f | f | f | f | f | f | f |
 +---+---+---+---+---+---+---+---+
6| - | - | - | - | - | - | - | - |
 +---+---+---+---+---+---+---+---+
5| - | - | - | - | - | - | - | - |
 +---+---+---+---+---+---+---+---+
4| - | - | - | - | - | - | - | - |
 +---+---+---+---+---+---+---+---+
3| - | - | - | - | - | - | - | - |
 +---+---+---+---+---+---+---+---+
2| F | F | F | F | F | F | F | F |
 +---+---+---+---+---+---+---+---+
1| R | N | B | Q | K | B | N | R |
 +---+---+---+---+---+---+---+---+
0| A   B   C   D   E   F   G   H  

~~~Table_Location~~~:

Table_Location[White][King]: ( e , 1 ) 
Table_Location[White][Queen]: ( d , 1 ) 
Table_Location[White][Rock]: ( h , 1 )  ( a , 1 ) 
Table_Location[White][Bishop]: ( f , 1 )  ( c , 1 ) 
Table_Location[White][Knight]: ( g , 1 )  ( b , 1 ) 
Table_Location[White][Pawn]: ( h , 2 )  ( g , 2 )  ( f , 2 )  ( e , 2 )  ( d , 2 )  ( c , 2 )  ( b , 2 )  ( a , 2 ) 
Table_Location[Black][King]: ( e , 8 ) 
Table_Location[Black][Queen]: ( d , 8 ) 
Table_Location[Black][Rock]: ( h , 8 )  ( a , 8 ) 
Table_Location[Black][Bishop]: ( f , 8 )  ( c , 8 ) 
Table_Location[Black][Knight]: ( g , 8 )  ( b , 8 ) 
Table_Location[Black][Pawn]: ( h , 7 )  ( g , 7 )  ( f , 7 )  ( e , 7 )  ( d , 7 )  ( c , 7 )  ( b , 7 )  ( a , 7 ) 
Piece to move: Knight

Move index: 0

Current piece location : ( g , 1 )

New_st_gen : 0

En Passsant Location : Void 
--------------------------------------------------------------
}
