{
 p_tag = Pawn 

 poz_src = ( e , 2 ) 

 poz_dst = ( e , 4 ) 

 m_tag = 0 

 p_tag_pro = White 

 p_rock = ( a , 1 ) 

 what_col = White 
}