
{
--------------------------------------------------------------

~~~V_BMAP~~~ : 

 V[White]=

0 0 0 0 0 0 0 0 
0 0 0 0 0 0 0 0 
0 0 0 0 0 0 0 0 
0 0 0 0 0 0 0 0 
0 0 0 0 0 0 0 0 
0 0 0 0 0 0 0 0 
1 1 1 1 1 1 1 1 
1 1 1 1 1 1 1 1 

 V[Black]=

1 1 1 1 1 1 1 1 
1 1 1 1 1 1 1 1 
0 0 0 0 0 0 0 0 
0 0 0 0 0 0 0 0 
0 0 0 0 0 0 0 0 
0 0 0 0 0 0 0 0 
0 0 0 0 0 0 0 0 
0 0 0 0 0 0 0 0 

 V[King]=

0 0 0 0 1 0 0 0 
0 0 0 0 0 0 0 0 
0 0 0 0 0 0 0 0 
0 0 0 0 0 0 0 0 
0 0 0 0 0 0 0 0 
0 0 0 0 0 0 0 0 
0 0 0 0 0 0 0 0 
0 0 0 0 1 0 0 0 

 V[Queen]=

0 0 0 1 0 0 0 0 
0 0 0 0 0 0 0 0 
0 0 0 0 0 0 0 0 
0 0 0 0 0 0 0 0 
0 0 0 0 0 0 0 0 
0 0 0 0 0 0 0 0 
0 0 0 0 0 0 0 0 
0 0 0 1 0 0 0 0 

 V[Rock]=

1 0 0 0 0 0 0 1 
0 0 0 0 0 0 0 0 
0 0 0 0 0 0 0 0 
0 0 0 0 0 0 0 0 
0 0 0 0 0 0 0 0 
0 0 0 0 0 0 0 0 
0 0 0 0 0 0 0 0 
1 0 0 0 0 0 0 1 

 V[Bishop]=

0 0 1 0 0 1 0 0 
0 0 0 0 0 0 0 0 
0 0 0 0 0 0 0 0 
0 0 0 0 0 0 0 0 
0 0 0 0 0 0 0 0 
0 0 0 0 0 0 0 0 
0 0 0 0 0 0 0 0 
0 0 1 0 0 1 0 0 

 V[Knight]=

0 1 0 0 0 0 1 0 
0 0 0 0 0 0 0 0 
0 0 0 0 0 0 0 0 
0 0 0 0 0 0 0 0 
0 0 0 0 0 0 0 0 
0 0 0 0 0 0 0 0 
0 0 0 0 0 0 0 0 
0 1 0 0 0 0 1 0 

 V[Pawn]=

0 0 0 0 0 0 0 0 
1 1 1 1 1 1 1 1 
0 0 0 0 0 0 0 0 
0 0 0 0 0 0 0 0 
0 0 0 0 0 0 0 0 
0 0 0 0 0 0 0 0 
1 1 1 1 1 1 1 1 
0 0 0 0 0 0 0 0 

~~~Table_What~~~:

r n b q k b n r 
p p p p p p p p 
- - - - - - - - 
- - - - - - - - 
- - - - - - - - 
- - - - - - - - 
P P P P P P P P 
R N B Q K B N R 

~~~Table_Location~~~:

Table_Location[White][King]: ( e , 1 ) 
Table_Location[White][Queen]: ( d , 1 ) 
Table_Location[White][Rock]: ( h , 1 )  ( a , 1 ) 
Table_Location[White][Bishop]: ( f , 1 )  ( c , 1 ) 
Table_Location[White][Knight]: ( g , 1 )  ( b , 1 ) 
Table_Location[White][Pawn]: ( h , 2 )  ( g , 2 )  ( f , 2 )  ( e , 2 )  ( d , 2 )  ( c , 2 )  ( b , 2 )  ( a , 2 ) 
Table_Location[Black][King]: ( e , 8 ) 
Table_Location[Black][Queen]: ( d , 8 ) 
Table_Location[Black][Rock]: ( h , 8 )  ( a , 8 ) 
Table_Location[Black][Bishop]: ( f , 8 )  ( c , 8 ) 
Table_Location[Black][Knight]: ( g , 8 )  ( b , 8 ) 
Table_Location[Black][Pawn]: ( h , 7 )  ( g , 7 )  ( f , 7 )  ( e , 7 )  ( d , 7 )  ( c , 7 )  ( b , 7 )  ( a , 7 ) 

Color on move : White

Piece to move: Pawn

Move index: 0

Current piece location : ( h , 2 )

Gen_Init : 0

En Passsant Location : Void 
--------------------------------------------------------------
}

0 0 0 0 0 0 0 0 
0 0 0 0 0 0 0 0 
0 0 0 0 0 0 0 0 
0 0 0 0 0 0 0 0 
0 0 0 0 1 0 0 0 
0 0 0 0 1 0 0 0 
0 0 0 0 0 0 0 0 
0 0 0 0 0 0 0 0 
