{
~~~V_BMAP~~~ : 

 V[White]=

0 0 0 0 0 0 0 0 
0 0 0 0 0 0 0 0 
0 0 0 0 0 0 0 0 
0 0 0 0 0 0 0 0 
0 0 0 0 0 0 0 0 
0 0 0 0 0 0 0 0 
0 0 0 0 0 0 0 0 
0 0 0 0 0 0 0 0 

 V[Black]=

0 0 0 0 0 0 0 0 
0 0 0 0 0 0 0 0 
0 0 0 0 0 0 0 0 
0 0 0 0 0 0 0 0 
0 0 0 0 0 0 0 0 
0 0 0 0 0 0 0 0 
0 0 0 0 0 0 0 0 
0 0 0 0 0 0 0 0 

 V[King]=

0 0 0 0 0 0 0 0 
0 0 0 0 0 0 0 0 
0 0 0 0 0 0 0 0 
0 0 0 0 0 0 0 0 
0 0 0 0 0 0 0 0 
0 0 0 0 0 0 0 0 
0 0 0 0 0 0 0 0 
0 0 0 0 0 0 0 0 

 V[Queen]=

0 0 0 0 0 0 0 0 
0 0 0 0 0 0 0 0 
0 0 0 0 0 0 0 0 
0 0 0 0 0 0 0 0 
0 0 0 0 0 0 0 0 
0 0 0 0 0 0 0 0 
0 0 0 0 0 0 0 0 
0 0 0 0 0 0 0 0 

 V[Rock]=

0 0 0 0 0 0 0 0 
0 0 0 0 0 0 0 0 
0 0 0 0 0 0 0 0 
0 0 0 0 0 0 0 0 
0 0 0 0 0 0 0 0 
0 0 0 0 0 0 0 0 
0 0 0 0 0 0 0 0 
0 0 0 0 0 0 0 0 

 V[Bishop]=

0 0 0 0 0 0 0 0 
0 0 0 0 0 0 0 0 
0 0 0 0 0 0 0 0 
0 0 0 0 0 0 0 0 
0 0 0 0 0 0 0 0 
0 0 0 0 0 0 0 0 
0 0 0 0 0 0 0 0 
0 0 0 0 0 0 0 0 

 V[Knight]=

0 0 0 0 0 0 0 0 
0 0 0 0 0 0 0 0 
0 0 0 0 0 0 0 0 
0 0 0 0 0 0 0 0 
0 0 0 0 0 0 0 0 
0 0 0 0 0 0 0 0 
0 0 0 0 0 0 0 0 
0 0 0 0 0 0 0 0 

 V[Pawn]=

0 0 0 0 0 0 0 0 
0 0 0 0 0 0 0 0 
0 0 0 0 0 0 0 0 
0 0 0 0 0 0 0 0 
0 0 0 0 0 0 0 0 
0 0 0 0 0 0 0 0 
0 0 0 0 0 0 0 0 
0 0 0 0 0 0 0 0 

~~~Table_What~~~:

R N B Q K B N R 
P P P P P P P P 
- - - - - - - - 
- - - - - - - - 
- - - - - - - - 
- - - - - - - - 
p p p p p p p p 
r n b q k b n r 

~~~Table_Location~~~:

Table_Location[White][King]: ( 7 , 4 ) 
Table_Location[White][Queen]: ( 7 , 3 ) 
Table_Location[White][Rock]: ( 7 , 7 )  ( 7 , 0 ) 
Table_Location[White][Bishop]: ( 7 , 5 )  ( 7 , 2 ) 
Table_Location[White][Knight]: ( 7 , 6 )  ( 7 , 1 ) 
Table_Location[White][Pawn]: ( 6 , 7 )  ( 6 , 6 )  ( 6 , 5 )  ( 6 , 4 )  ( 6 , 3 )  ( 6 , 2 )  ( 6 , 1 )  ( 6 , 0 ) 
Table_Location[Black][King]: ( 0 , 4 ) 
Table_Location[Black][Queen]: ( 0 , 3 ) 
Table_Location[Black][Rock]: ( 0 , 7 )  ( 0 , 0 ) 
Table_Location[Black][Bishop]: ( 0 , 5 )  ( 0 , 2 ) 
Table_Location[Black][Knight]: ( 0 , 6 )  ( 0 , 1 ) 
Table_Location[Black][Pawn]: ( 1 , 7 )  ( 1 , 6 )  ( 1 , 5 )  ( 1 , 4 )  ( 1 , 3 )  ( 1 , 2 )  ( 1 , 1 )  ( 1 , 0 ) 

piece_to_move: N

move_index: 0

cur_poz_in_list: ( 7 , 6 )

}