
{
--------------------------------------------------------------

~~~V_BMAP~~~ : 

 V[White]=

0 0 0 0 0 0 0 0 
0 0 0 0 0 0 0 0 
0 0 0 0 0 0 0 0 
0 0 0 0 0 0 0 0 
0 0 0 0 0 0 0 0 
0 0 0 0 0 0 0 0 
0 0 0 0 1 0 1 0 
1 0 1 1 1 1 0 1 

 V[Black]=

1 1 1 1 1 1 0 0 
1 1 1 1 1 1 1 1 
0 0 0 0 0 1 0 0 
0 0 0 0 0 0 0 0 
0 0 0 0 1 0 0 0 
0 0 0 0 0 0 0 0 
0 0 0 0 0 0 0 0 
0 0 0 0 0 0 0 0 

 V[King]=

0 0 0 0 1 0 0 0 
0 0 0 0 0 0 0 0 
0 0 0 0 0 0 0 0 
0 0 0 0 0 0 0 0 
0 0 0 0 0 0 0 0 
0 0 0 0 0 0 0 0 
0 0 0 0 0 0 0 0 
0 0 0 0 1 0 0 0 

 V[Queen]=

0 0 0 1 0 0 0 0 
0 0 0 0 0 0 0 0 
0 0 0 0 0 0 0 0 
0 0 0 0 0 0 0 0 
0 0 0 0 0 0 0 0 
0 0 0 0 0 0 0 0 
0 0 0 0 0 0 0 0 
0 0 0 1 0 0 0 0 

 V[Rock]=

1 0 0 0 0 0 0 0 
0 0 0 0 0 0 0 0 
0 0 0 0 0 0 0 0 
0 0 0 0 0 0 0 0 
0 0 0 0 1 0 0 0 
0 0 0 0 0 0 0 0 
0 0 0 0 0 0 0 0 
1 0 0 0 0 0 0 1 

 V[Bishop]=

0 0 1 0 0 1 0 0 
0 0 0 0 0 0 0 0 
0 0 0 0 0 0 0 0 
0 0 0 0 0 0 0 0 
0 0 0 0 0 0 0 0 
0 0 0 0 0 0 0 0 
0 0 0 0 0 0 0 0 
0 0 1 0 0 1 0 0 

 V[Knight]=

0 1 0 0 0 0 0 0 
0 0 0 0 0 0 0 0 
0 0 0 0 0 1 0 0 
0 0 0 0 0 0 0 0 
0 0 0 0 0 0 0 0 
0 0 0 0 0 0 0 0 
0 0 0 0 1 0 0 0 
0 0 0 0 0 0 0 0 

 V[Pawn]=

0 0 0 0 0 0 0 0 
1 1 1 1 1 1 1 1 
0 0 0 0 0 0 0 0 
0 0 0 0 0 0 0 0 
0 0 0 0 0 0 0 0 
0 0 0 0 0 0 0 0 
0 0 0 0 0 0 1 0 
0 0 0 0 0 0 0 0 

~~~Table_What~~~:

r n b q k b - - 
p p p p p p p p 
- - - - - N - - 
- - - - - - - - 
- - - - r - - - 
- - - - - - - - 
- - - - N - P - 
R - B Q K B - R 

~~~Table_Location~~~:

Table_Location[White][King]: ( e , 1 ) 
Table_Location[White][Queen]: ( d , 1 ) 
Table_Location[White][Rock]: ( a , 1 )  ( h , 1 ) 
Table_Location[White][Bishop]: ( c , 1 )  ( f , 1 ) 
Table_Location[White][Knight]: ( e , 2 ) 
Table_Location[White][Pawn]: ( g , 2 ) 
Table_Location[Black][King]: ( e , 8 ) 
Table_Location[Black][Queen]: ( d , 8 ) 
Table_Location[Black][Rock]: ( a , 8 )  ( e , 4 ) 
Table_Location[Black][Bishop]: ( c , 8 )  ( f , 8 ) 
Table_Location[Black][Knight]: ( b , 8 )  ( f , 6 ) 
Table_Location[Black][Pawn]: ( a , 7 )  ( b , 7 )  ( c , 7 )  ( d , 7 )  ( e , 7 )  ( f , 7 )  ( g , 7 )  ( h , 7 ) 

Color on move : White

Piece to move: Knight

Move index: 0

Current piece location : Void List
--------------------------------------------------------------
}

{
--------------------------------------------------------------

~~~V_BMAP~~~ : 

 V[White]=

0 0 0 0 0 0 0 0 
0 0 0 0 0 0 0 0 
0 0 0 0 0 0 0 0 
0 0 0 0 0 0 0 0 
0 0 0 0 0 0 0 0 
0 0 0 0 0 0 0 0 
0 0 0 0 1 0 1 0 
1 0 1 1 1 1 0 1 

 V[Black]=

1 1 1 1 1 1 0 0 
1 1 1 1 1 1 1 1 
0 0 0 0 0 0 0 1 
0 0 0 0 0 0 0 0 
0 0 0 0 1 0 0 0 
0 0 0 0 0 0 0 0 
0 0 0 0 0 0 0 0 
0 0 0 0 0 0 0 0 

 V[King]=

0 0 0 0 1 0 0 0 
0 0 0 0 0 0 0 0 
0 0 0 0 0 0 0 0 
0 0 0 0 0 0 0 0 
0 0 0 0 0 0 0 0 
0 0 0 0 0 0 0 0 
0 0 0 0 0 0 0 0 
0 0 0 0 1 0 0 0 

 V[Queen]=

0 0 0 1 0 0 0 0 
0 0 0 0 0 0 0 0 
0 0 0 0 0 0 0 0 
0 0 0 0 0 0 0 0 
0 0 0 0 0 0 0 0 
0 0 0 0 0 0 0 0 
0 0 0 0 0 0 0 0 
0 0 0 1 0 0 0 0 

 V[Rock]=

1 0 0 0 0 0 0 0 
0 0 0 0 0 0 0 0 
0 0 0 0 0 0 0 0 
0 0 0 0 0 0 0 0 
0 0 0 0 1 0 0 0 
0 0 0 0 0 0 0 0 
0 0 0 0 0 0 0 0 
1 0 0 0 0 0 0 1 

 V[Bishop]=

0 0 1 0 0 1 0 0 
0 0 0 0 0 0 0 0 
0 0 0 0 0 0 0 0 
0 0 0 0 0 0 0 0 
0 0 0 0 0 0 0 0 
0 0 0 0 0 0 0 0 
0 0 0 0 0 0 0 0 
0 0 1 0 0 1 0 0 

 V[Knight]=

0 1 0 0 0 0 0 0 
0 0 0 0 0 0 0 0 
0 0 0 0 0 0 0 1 
0 0 0 0 0 0 0 0 
0 0 0 0 0 0 0 0 
0 0 0 0 0 0 0 0 
0 0 0 0 1 0 0 0 
0 0 0 0 0 0 0 0 

 V[Pawn]=

0 0 0 0 0 0 0 0 
1 1 1 1 1 1 1 1 
0 0 0 0 0 0 0 0 
0 0 0 0 0 0 0 0 
0 0 0 0 0 0 0 0 
0 0 0 0 0 0 0 0 
0 0 0 0 0 0 1 0 
0 0 0 0 0 0 0 0 

~~~Table_What~~~:

r n b q k b - - 
p p p p p p p p 
- - - - - - - N 
- - - - - - - - 
- - - - r - - - 
- - - - - - - - 
- - - - N - P - 
R - B Q K B - R 

~~~Table_Location~~~:

Table_Location[White][King]: ( e , 1 ) 
Table_Location[White][Queen]: ( d , 1 ) 
Table_Location[White][Rock]: ( a , 1 )  ( h , 1 ) 
Table_Location[White][Bishop]: ( c , 1 )  ( f , 1 ) 
Table_Location[White][Knight]: ( e , 2 ) 
Table_Location[White][Pawn]: ( g , 2 ) 
Table_Location[Black][King]: ( e , 8 ) 
Table_Location[Black][Queen]: ( d , 8 ) 
Table_Location[Black][Rock]: ( a , 8 )  ( e , 4 ) 
Table_Location[Black][Bishop]: ( c , 8 )  ( f , 8 ) 
Table_Location[Black][Knight]: ( b , 8 )  ( h , 6 ) 
Table_Location[Black][Pawn]: ( a , 7 )  ( b , 7 )  ( c , 7 )  ( d , 7 )  ( e , 7 )  ( f , 7 )  ( g , 7 )  ( h , 7 ) 

Color on move : White

Piece to move: Knight

Move index: 0

Current piece location : Void List
--------------------------------------------------------------
}

{
--------------------------------------------------------------

~~~V_BMAP~~~ : 

 V[White]=

0 0 0 0 0 0 0 0 
0 0 0 0 0 0 0 0 
0 0 0 0 0 0 0 0 
0 0 0 0 0 0 0 0 
0 0 0 0 0 0 0 0 
0 0 0 0 0 0 0 0 
0 0 0 0 1 0 1 0 
1 0 1 1 1 1 0 1 

 V[Black]=

1 0 1 1 1 1 1 0 
1 1 1 1 1 1 1 1 
1 0 0 0 0 0 0 0 
0 0 0 0 0 0 0 0 
0 0 0 0 1 0 0 0 
0 0 0 0 0 0 0 0 
0 0 0 0 0 0 0 0 
0 0 0 0 0 0 0 0 

 V[King]=

0 0 0 0 1 0 0 0 
0 0 0 0 0 0 0 0 
0 0 0 0 0 0 0 0 
0 0 0 0 0 0 0 0 
0 0 0 0 0 0 0 0 
0 0 0 0 0 0 0 0 
0 0 0 0 0 0 0 0 
0 0 0 0 1 0 0 0 

 V[Queen]=

0 0 0 1 0 0 0 0 
0 0 0 0 0 0 0 0 
0 0 0 0 0 0 0 0 
0 0 0 0 0 0 0 0 
0 0 0 0 0 0 0 0 
0 0 0 0 0 0 0 0 
0 0 0 0 0 0 0 0 
0 0 0 1 0 0 0 0 

 V[Rock]=

1 0 0 0 0 0 0 0 
0 0 0 0 0 0 0 0 
0 0 0 0 0 0 0 0 
0 0 0 0 0 0 0 0 
0 0 0 0 1 0 0 0 
0 0 0 0 0 0 0 0 
0 0 0 0 0 0 0 0 
1 0 0 0 0 0 0 1 

 V[Bishop]=

0 0 1 0 0 1 0 0 
0 0 0 0 0 0 0 0 
0 0 0 0 0 0 0 0 
0 0 0 0 0 0 0 0 
0 0 0 0 0 0 0 0 
0 0 0 0 0 0 0 0 
0 0 0 0 0 0 0 0 
0 0 1 0 0 1 0 0 

 V[Knight]=

0 0 0 0 0 0 1 0 
0 0 0 0 0 0 0 0 
1 0 0 0 0 0 0 0 
0 0 0 0 0 0 0 0 
0 0 0 0 0 0 0 0 
0 0 0 0 0 0 0 0 
0 0 0 0 1 0 0 0 
0 0 0 0 0 0 0 0 

 V[Pawn]=

0 0 0 0 0 0 0 0 
1 1 1 1 1 1 1 1 
0 0 0 0 0 0 0 0 
0 0 0 0 0 0 0 0 
0 0 0 0 0 0 0 0 
0 0 0 0 0 0 0 0 
0 0 0 0 0 0 1 0 
0 0 0 0 0 0 0 0 

~~~Table_What~~~:

r - b q k b n - 
p p p p p p p p 
N - - - - - - - 
- - - - - - - - 
- - - - r - - - 
- - - - - - - - 
- - - - N - P - 
R - B Q K B - R 

~~~Table_Location~~~:

Table_Location[White][King]: ( e , 1 ) 
Table_Location[White][Queen]: ( d , 1 ) 
Table_Location[White][Rock]: ( a , 1 )  ( h , 1 ) 
Table_Location[White][Bishop]: ( c , 1 )  ( f , 1 ) 
Table_Location[White][Knight]: ( e , 2 ) 
Table_Location[White][Pawn]: ( g , 2 ) 
Table_Location[Black][King]: ( e , 8 ) 
Table_Location[Black][Queen]: ( d , 8 ) 
Table_Location[Black][Rock]: ( a , 8 )  ( e , 4 ) 
Table_Location[Black][Bishop]: ( c , 8 )  ( f , 8 ) 
Table_Location[Black][Knight]: ( a , 6 )  ( g , 8 ) 
Table_Location[Black][Pawn]: ( a , 7 )  ( b , 7 )  ( c , 7 )  ( d , 7 )  ( e , 7 )  ( f , 7 )  ( g , 7 )  ( h , 7 ) 

Color on move : White

Piece to move: Knight

Move index: 0

Current piece location : Void List
--------------------------------------------------------------
}

{
--------------------------------------------------------------

~~~V_BMAP~~~ : 

 V[White]=

0 0 0 0 0 0 0 0 
0 0 0 0 0 0 0 0 
0 0 0 0 0 0 0 0 
0 0 0 0 0 0 0 0 
0 0 0 0 0 0 0 0 
0 0 0 0 0 0 0 0 
0 0 0 0 1 0 1 0 
1 0 1 1 1 1 0 1 

 V[Black]=

1 0 1 1 1 1 1 0 
1 1 1 1 1 1 1 1 
0 0 1 0 0 0 0 0 
0 0 0 0 0 0 0 0 
0 0 0 0 1 0 0 0 
0 0 0 0 0 0 0 0 
0 0 0 0 0 0 0 0 
0 0 0 0 0 0 0 0 

 V[King]=

0 0 0 0 1 0 0 0 
0 0 0 0 0 0 0 0 
0 0 0 0 0 0 0 0 
0 0 0 0 0 0 0 0 
0 0 0 0 0 0 0 0 
0 0 0 0 0 0 0 0 
0 0 0 0 0 0 0 0 
0 0 0 0 1 0 0 0 

 V[Queen]=

0 0 0 1 0 0 0 0 
0 0 0 0 0 0 0 0 
0 0 0 0 0 0 0 0 
0 0 0 0 0 0 0 0 
0 0 0 0 0 0 0 0 
0 0 0 0 0 0 0 0 
0 0 0 0 0 0 0 0 
0 0 0 1 0 0 0 0 

 V[Rock]=

1 0 0 0 0 0 0 0 
0 0 0 0 0 0 0 0 
0 0 0 0 0 0 0 0 
0 0 0 0 0 0 0 0 
0 0 0 0 1 0 0 0 
0 0 0 0 0 0 0 0 
0 0 0 0 0 0 0 0 
1 0 0 0 0 0 0 1 

 V[Bishop]=

0 0 1 0 0 1 0 0 
0 0 0 0 0 0 0 0 
0 0 0 0 0 0 0 0 
0 0 0 0 0 0 0 0 
0 0 0 0 0 0 0 0 
0 0 0 0 0 0 0 0 
0 0 0 0 0 0 0 0 
0 0 1 0 0 1 0 0 

 V[Knight]=

0 0 0 0 0 0 1 0 
0 0 0 0 0 0 0 0 
0 0 1 0 0 0 0 0 
0 0 0 0 0 0 0 0 
0 0 0 0 0 0 0 0 
0 0 0 0 0 0 0 0 
0 0 0 0 1 0 0 0 
0 0 0 0 0 0 0 0 

 V[Pawn]=

0 0 0 0 0 0 0 0 
1 1 1 1 1 1 1 1 
0 0 0 0 0 0 0 0 
0 0 0 0 0 0 0 0 
0 0 0 0 0 0 0 0 
0 0 0 0 0 0 0 0 
0 0 0 0 0 0 1 0 
0 0 0 0 0 0 0 0 

~~~Table_What~~~:

r - b q k b n - 
p p p p p p p p 
- - N - - - - - 
- - - - - - - - 
- - - - r - - - 
- - - - - - - - 
- - - - N - P - 
R - B Q K B - R 

~~~Table_Location~~~:

Table_Location[White][King]: ( e , 1 ) 
Table_Location[White][Queen]: ( d , 1 ) 
Table_Location[White][Rock]: ( a , 1 )  ( h , 1 ) 
Table_Location[White][Bishop]: ( c , 1 )  ( f , 1 ) 
Table_Location[White][Knight]: ( e , 2 ) 
Table_Location[White][Pawn]: ( g , 2 ) 
Table_Location[Black][King]: ( e , 8 ) 
Table_Location[Black][Queen]: ( d , 8 ) 
Table_Location[Black][Rock]: ( a , 8 )  ( e , 4 ) 
Table_Location[Black][Bishop]: ( c , 8 )  ( f , 8 ) 
Table_Location[Black][Knight]: ( c , 6 )  ( g , 8 ) 
Table_Location[Black][Pawn]: ( a , 7 )  ( b , 7 )  ( c , 7 )  ( d , 7 )  ( e , 7 )  ( f , 7 )  ( g , 7 )  ( h , 7 ) 

Color on move : White

Piece to move: Knight

Move index: 0

Current piece location : Void List
--------------------------------------------------------------
}
